<html>
<body>
<pre>
<h1>µVision Build Log</h1>
<h2>Tool Versions:</h2>
IDE-Version: µVision V5.34.0.0
Copyright (C) 2021 ARM Ltd and ARM Germany GmbH. All rights reserved.
License Information: Ahmad Akram, none, LIC=----
 
Tool Versions:
Toolchain:       MDK-Lite  Version: 5.34.0.0
Toolchain Path:  D:\Keil_v5\ARM\ARMCLANG\Bin
C Compiler:      ArmClang.exe V6.16
Assembler:       Armasm.exe V6.16
Linker/Locator:  ArmLink.exe V6.16
Library Manager: ArmAr.exe V6.16
Hex Converter:   FromElf.exe V6.16
CPU DLL:         SARMCM3.DLL V5.34.0.0
Dialog DLL:      DCM.DLL V1.17.3.0
Target DLL:      lmidk-agdi.dll V???
Dialog DLL:      TCM.DLL V1.48.0.0
 
<h2>Project:</h2>
C:\Users\LENOVO\Desktop\embedded\Project\timecities.uvprojx
Project File Date:  06/17/2021

<h2>Output:</h2>
*** Using Compiler 'V6.16', folder: 'D:\Keil_v5\ARM\ARMCLANG\Bin'
Rebuild target 'Target 1'
LCD.c(1): warning: In file included from...
./LCD.h(36): warning: no newline at end of file [-Wnewline-eof]
void LCDInit(void);
                   ^
LCD.c(28): warning: implicitly declaring library function 'strlen' with type 'unsigned int (const char *)' [-Wimplicit-function-declaration]
        for(int i = 0 ; i < strlen(text); i++){
                            ^
LCD.c(28): note: include the header <string.h> or explicitly provide a declaration for 'strlen'
LCD.c(28): warning: comparison of integers of different signs: 'int' and 'unsigned int' [-Wsign-compare]
        for(int i = 0 ; i < strlen(text); i++){
                        ~ ^ ~~~~~~~~~~~~
LCD.c(61): warning: no newline at end of file [-Wnewline-eof]
}
 ^
4 warnings generated.
compiling LCD.c...
compiling freertos_evr.c...
assembling startup_TM4C123.s...
C:/Users/LENOVO/AppData/Local/Arm/Packs/ARM/CMSIS-FreeRTOS/10.3.1/Source/portable/MemMang/heap_1.c(129): warning: empty expression statement has no effect; remove unnecessary ';' to silence this warning [-Wextra-semi-stmt]
        configASSERT( pv == NULL );
                                  ^
1 warning generated.
compiling heap_1.c...
UART.c(33): warning: implicit conversion loses integer precision: 'int32_t' (aka 'int') to 'unsigned char' [-Wimplicit-int-conversion]
  return UARTCharGet(UART0_BASE);
  ~~~~~~ ^~~~~~~~~~~~~~~~~~~~~~~
UART.c(51): warning: no newline at end of file [-Wnewline-eof]
}
 ^
2 warnings generated.
compiling UART.c...
C:/Users/LENOVO/AppData/Local/Arm/Packs/ARM/CMSIS-FreeRTOS/10.3.1/Source/portable/GCC/ARM_CM4F/port.c(227): warning: empty expression statement has no effect; remove unnecessary ';' to silence this warning [-Wextra-semi-stmt]
        configASSERT( uxCriticalNesting == ~0UL );
                                                 ^
C:/Users/LENOVO/AppData/Local/Arm/Packs/ARM/CMSIS-FreeRTOS/10.3.1/Source/portable/GCC/ARM_CM4F/port.c(291): warning: empty expression statement has no effect; remove unnecessary ';' to silence this warning [-Wextra-semi-stmt]
        configASSERT( configMAX_SYSCALL_INTERRUPT_PRIORITY );
                                                            ^
C:/Users/LENOVO/AppData/Local/Arm/Packs/ARM/CMSIS-FreeRTOS/10.3.1/Source/portable/GCC/ARM_CM4F/port.c(296): warning: empty expression statement has no effect; remove unnecessary ';' to silence this warning [-Wextra-semi-stmt]
        configASSERT( portCPUID != portCORTEX_M7_r0p1_ID );
                                                          ^
C:/Users/LENOVO/AppData/Local/Arm/Packs/ARM/CMSIS-FreeRTOS/10.3.1/Source/portable/GCC/ARM_CM4F/port.c(297): warning: empty expression statement has no effect; remove unnecessary ';' to silence this warning [-Wextra-semi-stmt]
        configASSERT( portCPUID != portCORTEX_M7_r0p0_ID );
                                                          ^
C:/Users/LENOVO/AppData/Local/Arm/Packs/ARM/CMSIS-FreeRTOS/10.3.1/Source/portable/GCC/ARM_CM4F/port.c(346): warning: empty expression statement has no effect; remove unnecessary ';' to silence this warning [-Wextra-semi-stmt]
                        configASSERT( ( portMAX_PRIGROUP_BITS - ulMaxPRIGROUPValue ) == configPRIO_BITS );
                                                                                                         ^
C:/Users/LENOVO/AppData/Local/Arm/Packs/ARM/CMSIS-FreeRTOS/10.3.1/Source/portable/GCC/ARM_CM4F/port.c(357): warning: implicit conversion loses integer precision: 'volatile uint32_t' (aka 'volatile unsigned int') to 'uint8_t' (aka 'unsigned char') [-Wimplicit-int-conversion]
                *pucFirstUserPriorityRegister = ulOriginalPriority;
                                              ~ ^~~~~~~~~~~~~~~~~~
C:/Users/LENOVO/AppData/Local/Arm/Packs/ARM/CMSIS-FreeRTOS/10.3.1/Source/portable/GCC/ARM_CM4F/port.c(399): warning: empty expression statement has no effect; remove unnecessary ';' to silence this warning [-Wextra-semi-stmt]
        configASSERT( uxCriticalNesting == 1000UL );
                                                   ^
C:/Users/LENOVO/AppData/Local/Arm/Packs/ARM/CMSIS-FreeRTOS/10.3.1/Source/portable/GCC/ARM_CM4F/port.c(415): warning: empty expression statement has no effect; remove unnecessary ';' to silence this warning [-Wextra-semi-stmt]
                configASSERT( ( portNVIC_INT_CTRL_REG & portVECTACTIVE_MASK ) == 0 );
                                                                                    ^
C:/Users/LENOVO/AppData/Local/Arm/Packs/ARM/CMSIS-FreeRTOS/10.3.1/Source/portable/GCC/ARM_CM4F/port.c(422): warning: empty expression statement has no effect; remove unnecessary ';' to silence this warning [-Wextra-semi-stmt]
        configASSERT( uxCriticalNesting );
                                         ^
C:/Users/LENOVO/AppData/Local/Arm/Packs/ARM/CMSIS-FreeRTOS/10.3.1/Source/portable/GCC/ARM_CM4F/port.c(754): warning: empty expression statement has no effect; remove unnecessary ';' to silence this warning [-Wextra-semi-stmt]
                        configASSERT( ucCurrentPriority >= ucMaxSysCallPriority );
                                                                                 ^
C:/Users/LENOVO/AppData/Local/Arm/Packs/ARM/CMSIS-FreeRTOS/10.3.1/Source/portable/GCC/ARM_CM4F/port.c(770): warning: empty expression statement has no effect; remove unnecessary ';' to silence this warning [-Wextra-semi-stmt]
                configASSERT( ( portAIRCR_REG & portPRIORITY_GROUP_MASK ) <= ulMaxPRIGROUPValue );
                                                                                                 ^
11 warnings generated.
compiling port.c...
compiling list.c...
main.c(1): warning: In file included from...
./init.h(40): warning: no newline at end of file [-Wnewline-eof]
} AMessage;
           ^
main.c(2): warning: In file included from...
./LCD.h(36): warning: no newline at end of file [-Wnewline-eof]
void LCDInit(void);
                   ^
main.c(27): warning: no previous prototype for function 'Read_Time' [-Wmissing-prototypes]
void Read_Time(char buf[]){
     ^
main.c(27): note: declare 'static' if the function is not intended to be used outside of this translation unit
void Read_Time(char buf[]){
^
static 
main.c(28): warning: variable 'c' is used uninitialized whenever function 'Read_Time' is called [-Wsometimes-uninitialized]
        unsigned char c;
        ~~~~~~~~~~~~~~^
main.c(30): note: uninitialized use occurs here
        while(c != 0x0d){
              ^
main.c(28): note: initialize the variable 'c' to silence this warning
        unsigned char c;
                       ^
                        = '\0'
main.c(46): warning: no previous prototype for function 'Read_From_Keyboard' [-Wmissing-prototypes]
unsigned int Read_From_Keyboard(){
             ^
main.c(46): note: declare 'static' if the function is not intended to be used outside of this translation unit
unsigned int Read_From_Keyboard(){
^
static 
main.c(46): warning: this old-style function definition is not preceded by a prototype [-Wstrict-prototypes]
unsigned int Read_From_Keyboard(){
                               ^
main.c(66): warning: no previous prototype for function 'ByteToStr' [-Wmissing-prototypes]
void ByteToStr(unsigned char c, char *Txt){
     ^
main.c(66): note: declare 'static' if the function is not intended to be used outside of this translation unit
void ByteToStr(unsigned char c, char *Txt){
^
static 
main.c(81): warning: unused parameter 'pvParameters' [-Wunused-parameter]
static void Task1(void *pvParameters){
                        ^
main.c(81): warning: function 'Task1' could be declared with attribute 'noreturn' [-Wmissing-noreturn]
static void Task1(void *pvParameters){
                                     ^
main.c(129): warning: passing 'const char [10]' to parameter of type 'char *' discards qualifiers [-Wincompatible-pointer-types-discards-qualifiers]
                LCDPrintString(cities[selection]); // Display the selection on LCD screen
                               ^~~~~~~~~~~~~~~~~
./LCD.h(35): note: passing argument to parameter here
void LCDPrintString(char *);
                          ^
main.c(131): warning: implicit conversion loses integer precision: 'int' to 'unsigned char' [-Wimplicit-int-conversion]
                Tim.hh = (Tim.hh + timediff[selection]); // Add the time difference of the selection to the london time hours
                       ~  ~~~~~~~^~~~~~~~~~~~~~~~~~~~~
main.c(112): warning: unused parameter 'pvParameters' [-Wunused-parameter]
static void Task2(void *pvParameters){
                        ^
main.c(112): warning: function 'Task2' could be declared with attribute 'noreturn' [-Wmissing-noreturn]
static void Task2(void *pvParameters){
                                     ^
main.c(157): warning: implicit conversion changes signedness: 'int32_t' (aka 'int') to 'unsigned int' [-Wsign-conversion]
        selection = UARTCharGetNonBlocking(UART0_BASE);
                  ~ ^~~~~~~~~~~~~~~~~~~~~~~~~~~~~~~~~~
main.c(161): warning: empty expression statement has no effect; remove unnecessary ';' to silence this warning [-Wextra-semi-stmt]
        portEND_SWITCHING_ISR( xHigherPriorityTaskWoken );
                                                         ^
main.c(180): warning: passing 'char [27]' to parameter of type 'unsigned char *' converts between pointers to integer types where one is of the unique plain 'char' type and the other is not [-Wpointer-sign]
        UARTPrintString("TIME IN DIFFERENT CITIES\r\n");
                        ^~~~~~~~~~~~~~~~~~~~~~~~~~~~~~
./UART.h(20): note: passing argument to parameter 'str' here
void UARTPrintString(unsigned char *str);
                                    ^
main.c(181): warning: passing 'char [27]' to parameter of type 'unsigned char *' converts between pointers to integer types where one is of the unique plain 'char' type and the other is not [-Wpointer-sign]
        UARTPrintString("========================\r\n");
                        ^~~~~~~~~~~~~~~~~~~~~~~~~~~~~~
./UART.h(20): note: passing argument to parameter 'str' here
void UARTPrintString(unsigned char *str);
                                    ^
main.c(182): warning: passing 'char [44]' to parameter of type 'unsigned char *' converts between pointers to integer types where one is of the unique plain 'char' type and the other is not [-Wpointer-sign]
        UARTPrintString("Please enter time in london (hh:mm:ss):  \r\n");
                        ^~~~~~~~~~~~~~~~~~~~~~~~~~~~~~~~~~~~~~~~~~~~~~~
./UART.h(20): note: passing argument to parameter 'str' here
void UARTPrintString(unsigned char *str);
                                    ^
main.c(196): warning: passing 'char [33]' to parameter of type 'unsigned char *' converts between pointers to integer types where one is of the unique plain 'char' type and the other is not [-Wpointer-sign]
                UARTPrintString("Select a city to display time:\r\n");
                                ^~~~~~~~~~~~~~~~~~~~~~~~~~~~~~~~~~~~
./UART.h(20): note: passing argument to parameter 'str' here
void UARTPrintString(unsigned char *str);
                                    ^
main.c(200): warning: passing 'char [3]' to parameter of type 'unsigned char *' converts between pointers to integer types where one is of the unique plain 'char' type and the other is not [-Wpointer-sign]
                        UARTPrintString(". ");
                                        ^~~~
./UART.h(20): note: passing argument to parameter 'str' here
void UARTPrintString(unsigned char *str);
                                    ^
main.c(202): warning: array subscript is of type 'char' [-Wchar-subscripts]
                        UARTPrintString(cities[k]);
                                              ^~
main.c(202): warning: passing 'const char [10]' to parameter of type 'unsigned char *' discards qualifiers [-Wincompatible-pointer-types-discards-qualifiers]
                        UARTPrintString(cities[k]);
                                        ^~~~~~~~~
./UART.h(20): note: passing argument to parameter 'str' here
void UARTPrintString(unsigned char *str);
                                    ^
main.c(203): warning: passing 'char [3]' to parameter of type 'unsigned char *' converts between pointers to integer types where one is of the unique plain 'char' type and the other is not [-Wpointer-sign]
                        UARTPrintString("\r\n");
                                        ^~~~~~
./UART.h(20): note: passing argument to parameter 'str' here
void UARTPrintString(unsigned char *str);
                                    ^
main.c(205): warning: passing 'char [13]' to parameter of type 'unsigned char *' converts between pointers to integer types where one is of the unique plain 'char' type and the other is not [-Wpointer-sign]
                UARTPrintString("Selection:  ");
                                ^~~~~~~~~~~~~~
./UART.h(20): note: passing argument to parameter 'str' here
void UARTPrintString(unsigned char *str);
                                    ^
main.c(207): warning: implicit conversion loses integer precision: 'unsigned int' to 'unsigned char' [-Wimplicit-int-conversion]
                UARTPrintChar(selection);
                ~~~~~~~~~~~~~ ^~~~~~~~~
main.c(208): warning: passing 'char [3]' to parameter of type 'unsigned char *' converts between pointers to integer types where one is of the unique plain 'char' type and the other is not [-Wpointer-sign]
                UARTPrintString("\n\r");
                                ^~~~~~
./UART.h(20): note: passing argument to parameter 'str' here
void UARTPrintString(unsigned char *str);
                                    ^
main.c(175): warning: unused parameter 'pvParameters' [-Wunused-parameter]
static void Task3(void *pvParameters){
                        ^
main.c(175): warning: function 'Task3' could be declared with attribute 'noreturn' [-Wmissing-noreturn]
static void Task3(void *pvParameters){
                                     ^
main.c(1): warning: In file included from...
./init.h(27): warning: no previous extern declaration for non-static variable 'xQueue1' [-Wmissing-variable-declarations]
xQueueHandle xQueue1 ;
             ^
./init.h(27): note: declare 'static' if the variable is not intended to be used outside of this translation unit
xQueueHandle xQueue1 ;
^
C:/Users/LENOVO/AppData/Local/Arm/Packs/ARM/CMSIS-FreeRTOS/10.3.1/Source/include\FreeRTOS.h(940): note: expanded from macro 'xQueueHandle'
        #define xQueueHandle QueueHandle_t
                             ^
main.c(1): warning: In file included from...
./init.h(28): warning: no previous extern declaration for non-static variable 'xQueue2' [-Wmissing-variable-declarations]
xQueueHandle xQueue2 ;
             ^
./init.h(28): note: declare 'static' if the variable is not intended to be used outside of this translation unit
xQueueHandle xQueue2 ;
^
C:/Users/LENOVO/AppData/Local/Arm/Packs/ARM/CMSIS-FreeRTOS/10.3.1/Source/include\FreeRTOS.h(940): note: expanded from macro 'xQueueHandle'
        #define xQueueHandle QueueHandle_t
                             ^
main.c(1): warning: In file included from...
./init.h(29): warning: no previous extern declaration for non-static variable 'xSemaphore0' [-Wmissing-variable-declarations]
SemaphoreHandle_t xSemaphore0;
                  ^
./init.h(29): note: declare 'static' if the variable is not intended to be used outside of this translation unit
SemaphoreHandle_t xSemaphore0;
^
./init.h(31): warning: no previous extern declaration for non-static variable 'selection' [-Wmissing-variable-declarations]
unsigned int selection;
             ^
./init.h(31): note: declare 'static' if the variable is not intended to be used outside of this translation unit
unsigned int selection;
^
32 warnings generated.
compiling main.c...
RTE/Device/TM4C123GH6PM/system_TM4C123.c(13): warning: In file included from...
C:/Users/LENOVO/AppData/Local/Arm/Packs/Keil/TM4C_DFP/1.1.0/Device/Include/TM4C123\TM4C123.h(98): warning: In file included from...
C:/Users/LENOVO/AppData/Local/Arm/Packs/Keil/TM4C_DFP/1.1.0/Device/Include/TM4C123/TM4C123GH6PM.h(298): warning: anonymous unions are a C11 extension [-Wc11-extensions]
  union {
  ^
C:/Users/LENOVO/AppData/Local/Arm/Packs/Keil/TM4C_DFP/1.1.0/Device/Include/TM4C123/TM4C123GH6PM.h(338): warning: anonymous unions are a C11 extension [-Wc11-extensions]
  union {
  ^
C:/Users/LENOVO/AppData/Local/Arm/Packs/Keil/TM4C_DFP/1.1.0/Device/Include/TM4C123/TM4C123GH6PM.h(357): warning: anonymous unions are a C11 extension [-Wc11-extensions]
  union {
  ^
C:/Users/LENOVO/AppData/Local/Arm/Packs/Keil/TM4C_DFP/1.1.0/Device/Include/TM4C123/TM4C123GH6PM.h(713): warning: anonymous unions are a C11 extension [-Wc11-extensions]
  union {
  ^
C:/Users/LENOVO/AppData/Local/Arm/Packs/Keil/TM4C_DFP/1.1.0/Device/Include/TM4C123/TM4C123GH6PM.h(729): warning: anonymous unions are a C11 extension [-Wc11-extensions]
  union {
  ^
C:/Users/LENOVO/AppData/Local/Arm/Packs/Keil/TM4C_DFP/1.1.0/Device/Include/TM4C123/TM4C123GH6PM.h(774): warning: anonymous unions are a C11 extension [-Wc11-extensions]
  union {
  ^
C:/Users/LENOVO/AppData/Local/Arm/Packs/Keil/TM4C_DFP/1.1.0/Device/Include/TM4C123/TM4C123GH6PM.h(779): warning: anonymous unions are a C11 extension [-Wc11-extensions]
  union {
  ^
C:/Users/LENOVO/AppData/Local/Arm/Packs/Keil/TM4C_DFP/1.1.0/Device/Include/TM4C123/TM4C123GH6PM.h(872): warning: anonymous unions are a C11 extension [-Wc11-extensions]
  union {
  ^
C:/Users/LENOVO/AppData/Local/Arm/Packs/Keil/TM4C_DFP/1.1.0/Device/Include/TM4C123/TM4C123GH6PM.h(885): warning: anonymous unions are a C11 extension [-Wc11-extensions]
  union {
  ^
C:/Users/LENOVO/AppData/Local/Arm/Packs/Keil/TM4C_DFP/1.1.0/Device/Include/TM4C123/TM4C123GH6PM.h(892): warning: anonymous unions are a C11 extension [-Wc11-extensions]
  union {
  ^
C:/Users/LENOVO/AppData/Local/Arm/Packs/Keil/TM4C_DFP/1.1.0/Device/Include/TM4C123/TM4C123GH6PM.h(897): warning: anonymous unions are a C11 extension [-Wc11-extensions]
  union {
  ^
C:/Users/LENOVO/AppData/Local/Arm/Packs/Keil/TM4C_DFP/1.1.0/Device/Include/TM4C123/TM4C123GH6PM.h(904): warning: anonymous unions are a C11 extension [-Wc11-extensions]
  union {
  ^
C:/Users/LENOVO/AppData/Local/Arm/Packs/Keil/TM4C_DFP/1.1.0/Device/Include/TM4C123/TM4C123GH6PM.h(910): warning: anonymous unions are a C11 extension [-Wc11-extensions]
  union {
  ^
C:/Users/LENOVO/AppData/Local/Arm/Packs/Keil/TM4C_DFP/1.1.0/Device/Include/TM4C123/TM4C123GH6PM.h(917): warning: anonymous unions are a C11 extension [-Wc11-extensions]
  union {
  ^
C:/Users/LENOVO/AppData/Local/Arm/Packs/Keil/TM4C_DFP/1.1.0/Device/Include/TM4C123/TM4C123GH6PM.h(924): warning: anonymous unions are a C11 extension [-Wc11-extensions]
  union {
  ^
C:/Users/LENOVO/AppData/Local/Arm/Packs/Keil/TM4C_DFP/1.1.0/Device/Include/TM4C123/TM4C123GH6PM.h(929): warning: anonymous unions are a C11 extension [-Wc11-extensions]
  union {
  ^
C:/Users/LENOVO/AppData/Local/Arm/Packs/Keil/TM4C_DFP/1.1.0/Device/Include/TM4C123/TM4C123GH6PM.h(936): warning: anonymous unions are a C11 extension [-Wc11-extensions]
  union {
  ^
C:/Users/LENOVO/AppData/Local/Arm/Packs/Keil/TM4C_DFP/1.1.0/Device/Include/TM4C123/TM4C123GH6PM.h(942): warning: anonymous unions are a C11 extension [-Wc11-extensions]
  union {
  ^
C:/Users/LENOVO/AppData/Local/Arm/Packs/Keil/TM4C_DFP/1.1.0/Device/Include/TM4C123/TM4C123GH6PM.h(949): warning: anonymous unions are a C11 extension [-Wc11-extensions]
  union {
  ^
C:/Users/LENOVO/AppData/Local/Arm/Packs/Keil/TM4C_DFP/1.1.0/Device/Include/TM4C123/TM4C123GH6PM.h(956): warning: anonymous unions are a C11 extension [-Wc11-extensions]
  union {
  ^
C:/Users/LENOVO/AppData/Local/Arm/Packs/Keil/TM4C_DFP/1.1.0/Device/Include/TM4C123/TM4C123GH6PM.h(961): warning: anonymous unions are a C11 extension [-Wc11-extensions]
  union {
  ^
C:/Users/LENOVO/AppData/Local/Arm/Packs/Keil/TM4C_DFP/1.1.0/Device/Include/TM4C123/TM4C123GH6PM.h(968): warning: anonymous unions are a C11 extension [-Wc11-extensions]
  union {
  ^
C:/Users/LENOVO/AppData/Local/Arm/Packs/Keil/TM4C_DFP/1.1.0/Device/Include/TM4C123/TM4C123GH6PM.h(974): warning: anonymous unions are a C11 extension [-Wc11-extensions]
  union {
  ^
C:/Users/LENOVO/AppData/Local/Arm/Packs/Keil/TM4C_DFP/1.1.0/Device/Include/TM4C123/TM4C123GH6PM.h(981): warning: anonymous unions are a C11 extension [-Wc11-extensions]
  union {
  ^
C:/Users/LENOVO/AppData/Local/Arm/Packs/Keil/TM4C_DFP/1.1.0/Device/Include/TM4C123/TM4C123GH6PM.h(988): warning: anonymous unions are a C11 extension [-Wc11-extensions]
  union {
  ^
C:/Users/LENOVO/AppData/Local/Arm/Packs/Keil/TM4C_DFP/1.1.0/Device/Include/TM4C123/TM4C123GH6PM.h(993): warning: anonymous unions are a C11 extension [-Wc11-extensions]
  union {
  ^
C:/Users/LENOVO/AppData/Local/Arm/Packs/Keil/TM4C_DFP/1.1.0/Device/Include/TM4C123/TM4C123GH6PM.h(1000): warning: anonymous unions are a C11 extension [-Wc11-extensions]
  union {
  ^
C:/Users/LENOVO/AppData/Local/Arm/Packs/Keil/TM4C_DFP/1.1.0/Device/Include/TM4C123/TM4C123GH6PM.h(1006): warning: anonymous unions are a C11 extension [-Wc11-extensions]
  union {
  ^
C:/Users/LENOVO/AppData/Local/Arm/Packs/Keil/TM4C_DFP/1.1.0/Device/Include/TM4C123/TM4C123GH6PM.h(1013): warning: anonymous unions are a C11 extension [-Wc11-extensions]
  union {
  ^
C:/Users/LENOVO/AppData/Local/Arm/Packs/Keil/TM4C_DFP/1.1.0/Device/Include/TM4C123/TM4C123GH6PM.h(1020): warning: anonymous unions are a C11 extension [-Wc11-extensions]
  union {
  ^
C:/Users/LENOVO/AppData/Local/Arm/Packs/Keil/TM4C_DFP/1.1.0/Device/Include/TM4C123/TM4C123GH6PM.h(1025): warning: anonymous unions are a C11 extension [-Wc11-extensions]
  union {
  ^
C:/Users/LENOVO/AppData/Local/Arm/Packs/Keil/TM4C_DFP/1.1.0/Device/Include/TM4C123/TM4C123GH6PM.h(1032): warning: anonymous unions are a C11 extension [-Wc11-extensions]
  union {
  ^
C:/Users/LENOVO/AppData/Local/Arm/Packs/Keil/TM4C_DFP/1.1.0/Device/Include/TM4C123/TM4C123GH6PM.h(1038): warning: anonymous unions are a C11 extension [-Wc11-extensions]
  union {
  ^
C:/Users/LENOVO/AppData/Local/Arm/Packs/Keil/TM4C_DFP/1.1.0/Device/Include/TM4C123/TM4C123GH6PM.h(1045): warning: anonymous unions are a C11 extension [-Wc11-extensions]
  union {
  ^
C:/Users/LENOVO/AppData/Local/Arm/Packs/Keil/TM4C_DFP/1.1.0/Device/Include/TM4C123/TM4C123GH6PM.h(1052): warning: anonymous unions are a C11 extension [-Wc11-extensions]
  union {
  ^
C:/Users/LENOVO/AppData/Local/Arm/Packs/Keil/TM4C_DFP/1.1.0/Device/Include/TM4C123/TM4C123GH6PM.h(1057): warning: anonymous unions are a C11 extension [-Wc11-extensions]
  union {
  ^
C:/Users/LENOVO/AppData/Local/Arm/Packs/Keil/TM4C_DFP/1.1.0/Device/Include/TM4C123/TM4C123GH6PM.h(1064): warning: anonymous unions are a C11 extension [-Wc11-extensions]
  union {
  ^
C:/Users/LENOVO/AppData/Local/Arm/Packs/Keil/TM4C_DFP/1.1.0/Device/Include/TM4C123/TM4C123GH6PM.h(1070): warning: anonymous unions are a C11 extension [-Wc11-extensions]
  union {
  ^
C:/Users/LENOVO/AppData/Local/Arm/Packs/Keil/TM4C_DFP/1.1.0/Device/Include/TM4C123/TM4C123GH6PM.h(1077): warning: anonymous unions are a C11 extension [-Wc11-extensions]
  union {
  ^
C:/Users/LENOVO/AppData/Local/Arm/Packs/Keil/TM4C_DFP/1.1.0/Device/Include/TM4C123/TM4C123GH6PM.h(1084): warning: anonymous unions are a C11 extension [-Wc11-extensions]
  union {
  ^
C:/Users/LENOVO/AppData/Local/Arm/Packs/Keil/TM4C_DFP/1.1.0/Device/Include/TM4C123/TM4C123GH6PM.h(1089): warning: anonymous unions are a C11 extension [-Wc11-extensions]
  union {
  ^
C:/Users/LENOVO/AppData/Local/Arm/Packs/Keil/TM4C_DFP/1.1.0/Device/Include/TM4C123/TM4C123GH6PM.h(1096): warning: anonymous unions are a C11 extension [-Wc11-extensions]
  union {
  ^
C:/Users/LENOVO/AppData/Local/Arm/Packs/Keil/TM4C_DFP/1.1.0/Device/Include/TM4C123/TM4C123GH6PM.h(1102): warning: anonymous unions are a C11 extension [-Wc11-extensions]
  union {
  ^
C:/Users/LENOVO/AppData/Local/Arm/Packs/Keil/TM4C_DFP/1.1.0/Device/Include/TM4C123/TM4C123GH6PM.h(1251): warning: anonymous unions are a C11 extension [-Wc11-extensions]
  union {
  ^
44 warnings generated.
compiling system_TM4C123.c...
assembling startup_rvmdk.S...
C:/Users/LENOVO/AppData/Local/Arm/Packs/ARM/CMSIS-FreeRTOS/10.3.1/Source/queue.c(259): warning: empty expression statement has no effect; remove unnecessary ';' to silence this warning [-Wextra-semi-stmt]
        configASSERT( pxQueue );
                               ^
C:/Users/LENOVO/AppData/Local/Arm/Packs/ARM/CMSIS-FreeRTOS/10.3.1/Source/queue.c(281): warning: empty expression statement has no effect; remove unnecessary ';' to silence this warning [-Wextra-semi-stmt]
                                        queueYIELD_IF_USING_PREEMPTION();
                                                                        ^
C:/Users/LENOVO/AppData/Local/Arm/Packs/ARM/CMSIS-FreeRTOS/10.3.1/Source/queue.c(123): warning: padding struct 'struct QueueDefinition' with 2 bytes to align 'pxQueueSetContainer' [-Wpadded]
                struct QueueDefinition *pxQueueSetContainer;
                                        ^
C:/Users/LENOVO/AppData/Local/Arm/Packs/ARM/CMSIS-FreeRTOS/10.3.1/Source/queue.c(97): warning: padding size of 'struct QueueDefinition' with 3 bytes to alignment boundary [-Wpadded]
typedef struct QueueDefinition          /* The old naming convention is used to prevent breaking kernel aware debuggers. */
               ^
C:/Users/LENOVO/AppData/Local/Arm/Packs/ARM/CMSIS-FreeRTOS/10.3.1/Source/queue.c(374): warning: empty expression statement has no effect; remove unnecessary ';' to silence this warning [-Wextra-semi-stmt]
                configASSERT( uxQueueLength > ( UBaseType_t ) 0 );
                                                                 ^
C:/Users/LENOVO/AppData/Local/Arm/Packs/ARM/CMSIS-FreeRTOS/10.3.1/Source/queue.c(567): warning: empty expression statement has no effect; remove unnecessary ';' to silence this warning [-Wextra-semi-stmt]
                configASSERT( xSemaphore );
                                          ^
C:/Users/LENOVO/AppData/Local/Arm/Packs/ARM/CMSIS-FreeRTOS/10.3.1/Source/queue.c(594): warning: empty expression statement has no effect; remove unnecessary ';' to silence this warning [-Wextra-semi-stmt]
                configASSERT( pxMutex );
                                       ^
C:/Users/LENOVO/AppData/Local/Arm/Packs/ARM/CMSIS-FreeRTOS/10.3.1/Source/queue.c(649): warning: empty expression statement has no effect; remove unnecessary ';' to silence this warning [-Wextra-semi-stmt]
                configASSERT( pxMutex );
                                       ^
C:/Users/LENOVO/AppData/Local/Arm/Packs/ARM/CMSIS-FreeRTOS/10.3.1/Source/queue.c(718): warning: empty expression statement has no effect; remove unnecessary ';' to silence this warning [-Wextra-semi-stmt]
                configASSERT( uxMaxCount != 0 );
                                               ^
C:/Users/LENOVO/AppData/Local/Arm/Packs/ARM/CMSIS-FreeRTOS/10.3.1/Source/queue.c(719): warning: empty expression statement has no effect; remove unnecessary ';' to silence this warning [-Wextra-semi-stmt]
                configASSERT( uxInitialCount <= uxMaxCount );
                                                            ^
C:/Users/LENOVO/AppData/Local/Arm/Packs/ARM/CMSIS-FreeRTOS/10.3.1/Source/queue.c(746): warning: empty expression statement has no effect; remove unnecessary ';' to silence this warning [-Wextra-semi-stmt]
        configASSERT( pxQueue );
                               ^
C:/Users/LENOVO/AppData/Local/Arm/Packs/ARM/CMSIS-FreeRTOS/10.3.1/Source/queue.c(747): warning: empty expression statement has no effect; remove unnecessary ';' to silence this warning [-Wextra-semi-stmt]
        configASSERT( !( ( pvItemToQueue == NULL ) && ( pxQueue->uxItemSize != ( UBaseType_t ) 0U ) ) );
                                                                                                       ^
C:/Users/LENOVO/AppData/Local/Arm/Packs/ARM/CMSIS-FreeRTOS/10.3.1/Source/queue.c(748): warning: empty expression statement has no effect; remove unnecessary ';' to silence this warning [-Wextra-semi-stmt]
        configASSERT( !( ( xCopyPosition == queueOVERWRITE ) && ( pxQueue->uxLength != 1 ) ) );
                                                                                              ^
C:/Users/LENOVO/AppData/Local/Arm/Packs/ARM/CMSIS-FreeRTOS/10.3.1/Source/queue.c(751): warning: empty expression statement has no effect; remove unnecessary ';' to silence this warning [-Wextra-semi-stmt]
                configASSERT( !( ( xTaskGetSchedulerState() == taskSCHEDULER_SUSPENDED ) && ( xTicksToWait != 0 ) ) );
                                                                                                                     ^
C:/Users/LENOVO/AppData/Local/Arm/Packs/ARM/CMSIS-FreeRTOS/10.3.1/Source/queue.c(791): warning: empty expression statement has no effect; remove unnecessary ';' to silence this warning [-Wextra-semi-stmt]
                                                        queueYIELD_IF_USING_PREEMPTION();
                                                                                        ^
C:/Users/LENOVO/AppData/Local/Arm/Packs/ARM/CMSIS-FreeRTOS/10.3.1/Source/queue.c(810): warning: empty expression statement has no effect; remove unnecessary ';' to silence this warning [-Wextra-semi-stmt]
                                                                queueYIELD_IF_USING_PREEMPTION();
                                                                                                ^
C:/Users/LENOVO/AppData/Local/Arm/Packs/ARM/CMSIS-FreeRTOS/10.3.1/Source/queue.c(823): warning: empty expression statement has no effect; remove unnecessary ';' to silence this warning [-Wextra-semi-stmt]
                                                        queueYIELD_IF_USING_PREEMPTION();
                                                                                        ^
C:/Users/LENOVO/AppData/Local/Arm/Packs/ARM/CMSIS-FreeRTOS/10.3.1/Source/queue.c(927): warning: empty expression statement has no effect; remove unnecessary ';' to silence this warning [-Wextra-semi-stmt]
                                        portYIELD_WITHIN_API();
                                                              ^
C:/Users/LENOVO/AppData/Local/Arm/Packs/ARM/CMSIS-FreeRTOS/10.3.1/Source/queue.c(956): warning: empty expression statement has no effect; remove unnecessary ';' to silence this warning [-Wextra-semi-stmt]
        configASSERT( pxQueue );
                               ^
C:/Users/LENOVO/AppData/Local/Arm/Packs/ARM/CMSIS-FreeRTOS/10.3.1/Source/queue.c(957): warning: empty expression statement has no effect; remove unnecessary ';' to silence this warning [-Wextra-semi-stmt]
        configASSERT( !( ( pvItemToQueue == NULL ) && ( pxQueue->uxItemSize != ( UBaseType_t ) 0U ) ) );
                                                                                                       ^
C:/Users/LENOVO/AppData/Local/Arm/Packs/ARM/CMSIS-FreeRTOS/10.3.1/Source/queue.c(958): warning: empty expression statement has no effect; remove unnecessary ';' to silence this warning [-Wextra-semi-stmt]
        configASSERT( !( ( xCopyPosition == queueOVERWRITE ) && ( pxQueue->uxLength != 1 ) ) );
                                                                                              ^
C:/Users/LENOVO/AppData/Local/Arm/Packs/ARM/CMSIS-FreeRTOS/10.3.1/Source/queue.c(1124): warning: empty expression statement has no effect; remove unnecessary ';' to silence this warning [-Wextra-semi-stmt]
        configASSERT( pxQueue );
                               ^
C:/Users/LENOVO/AppData/Local/Arm/Packs/ARM/CMSIS-FreeRTOS/10.3.1/Source/queue.c(1128): warning: empty expression statement has no effect; remove unnecessary ';' to silence this warning [-Wextra-semi-stmt]
        configASSERT( pxQueue->uxItemSize == 0 );
                                                ^
C:/Users/LENOVO/AppData/Local/Arm/Packs/ARM/CMSIS-FreeRTOS/10.3.1/Source/queue.c(1133): warning: empty expression statement has no effect; remove unnecessary ';' to silence this warning [-Wextra-semi-stmt]
        configASSERT( !( ( pxQueue->uxQueueType == queueQUEUE_IS_MUTEX ) && ( pxQueue->u.xSemaphore.xMutexHolder != NULL ) ) );
                                                                                                                              ^
C:/Users/LENOVO/AppData/Local/Arm/Packs/ARM/CMSIS-FreeRTOS/10.3.1/Source/queue.c(1284): warning: empty expression statement has no effect; remove unnecessary ';' to silence this warning [-Wextra-semi-stmt]
        configASSERT( ( pxQueue ) );
                                   ^
C:/Users/LENOVO/AppData/Local/Arm/Packs/ARM/CMSIS-FreeRTOS/10.3.1/Source/queue.c(1288): warning: empty expression statement has no effect; remove unnecessary ';' to silence this warning [-Wextra-semi-stmt]
        configASSERT( !( ( ( pvBuffer ) == NULL ) && ( ( pxQueue )->uxItemSize != ( UBaseType_t ) 0U ) ) );
                                                                                                          ^
C:/Users/LENOVO/AppData/Local/Arm/Packs/ARM/CMSIS-FreeRTOS/10.3.1/Source/queue.c(1293): warning: empty expression statement has no effect; remove unnecessary ';' to silence this warning [-Wextra-semi-stmt]
                configASSERT( !( ( xTaskGetSchedulerState() == taskSCHEDULER_SUSPENDED ) && ( xTicksToWait != 0 ) ) );
                                                                                                                     ^
C:/Users/LENOVO/AppData/Local/Arm/Packs/ARM/CMSIS-FreeRTOS/10.3.1/Source/queue.c(1323): warning: empty expression statement has no effect; remove unnecessary ';' to silence this warning [-Wextra-semi-stmt]
                                                queueYIELD_IF_USING_PREEMPTION();
                                                                                ^
C:/Users/LENOVO/AppData/Local/Arm/Packs/ARM/CMSIS-FreeRTOS/10.3.1/Source/queue.c(1382): warning: empty expression statement has no effect; remove unnecessary ';' to silence this warning [-Wextra-semi-stmt]
                                        portYIELD_WITHIN_API();
                                                              ^
C:/Users/LENOVO/AppData/Local/Arm/Packs/ARM/CMSIS-FreeRTOS/10.3.1/Source/queue.c(1429): warning: empty expression statement has no effect; remove unnecessary ';' to silence this warning [-Wextra-semi-stmt]
        configASSERT( ( pxQueue ) );
                                   ^
C:/Users/LENOVO/AppData/Local/Arm/Packs/ARM/CMSIS-FreeRTOS/10.3.1/Source/queue.c(1433): warning: empty expression statement has no effect; remove unnecessary ';' to silence this warning [-Wextra-semi-stmt]
        configASSERT( pxQueue->uxItemSize == 0 );
                                                ^
C:/Users/LENOVO/AppData/Local/Arm/Packs/ARM/CMSIS-FreeRTOS/10.3.1/Source/queue.c(1438): warning: empty expression statement has no effect; remove unnecessary ';' to silence this warning [-Wextra-semi-stmt]
                configASSERT( !( ( xTaskGetSchedulerState() == taskSCHEDULER_SUSPENDED ) && ( xTicksToWait != 0 ) ) );
                                                                                                                     ^
C:/Users/LENOVO/AppData/Local/Arm/Packs/ARM/CMSIS-FreeRTOS/10.3.1/Source/queue.c(1485): warning: empty expression statement has no effect; remove unnecessary ';' to silence this warning [-Wextra-semi-stmt]
                                                queueYIELD_IF_USING_PREEMPTION();
                                                                                ^
C:/Users/LENOVO/AppData/Local/Arm/Packs/ARM/CMSIS-FreeRTOS/10.3.1/Source/queue.c(1509): warning: empty expression statement has no effect; remove unnecessary ';' to silence this warning [-Wextra-semi-stmt]
                                                configASSERT( xInheritanceOccurred == pdFALSE );
                                                                                               ^
C:/Users/LENOVO/AppData/Local/Arm/Packs/ARM/CMSIS-FreeRTOS/10.3.1/Source/queue.c(1573): warning: empty expression statement has no effect; remove unnecessary ';' to silence this warning [-Wextra-semi-stmt]
                                        portYIELD_WITHIN_API();
                                                              ^
C:/Users/LENOVO/AppData/Local/Arm/Packs/ARM/CMSIS-FreeRTOS/10.3.1/Source/queue.c(1644): warning: empty expression statement has no effect; remove unnecessary ';' to silence this warning [-Wextra-semi-stmt]
        configASSERT( ( pxQueue ) );
                                   ^
C:/Users/LENOVO/AppData/Local/Arm/Packs/ARM/CMSIS-FreeRTOS/10.3.1/Source/queue.c(1648): warning: empty expression statement has no effect; remove unnecessary ';' to silence this warning [-Wextra-semi-stmt]
        configASSERT( !( ( ( pvBuffer ) == NULL ) && ( ( pxQueue )->uxItemSize != ( UBaseType_t ) 0U ) ) );
                                                                                                          ^
C:/Users/LENOVO/AppData/Local/Arm/Packs/ARM/CMSIS-FreeRTOS/10.3.1/Source/queue.c(1653): warning: empty expression statement has no effect; remove unnecessary ';' to silence this warning [-Wextra-semi-stmt]
                configASSERT( !( ( xTaskGetSchedulerState() == taskSCHEDULER_SUSPENDED ) && ( xTicksToWait != 0 ) ) );
                                                                                                                     ^
C:/Users/LENOVO/AppData/Local/Arm/Packs/ARM/CMSIS-FreeRTOS/10.3.1/Source/queue.c(1689): warning: empty expression statement has no effect; remove unnecessary ';' to silence this warning [-Wextra-semi-stmt]
                                                queueYIELD_IF_USING_PREEMPTION();
                                                                                ^
C:/Users/LENOVO/AppData/Local/Arm/Packs/ARM/CMSIS-FreeRTOS/10.3.1/Source/queue.c(1749): warning: empty expression statement has no effect; remove unnecessary ';' to silence this warning [-Wextra-semi-stmt]
                                        portYIELD_WITHIN_API();
                                                              ^
C:/Users/LENOVO/AppData/Local/Arm/Packs/ARM/CMSIS-FreeRTOS/10.3.1/Source/queue.c(1791): warning: empty expression statement has no effect; remove unnecessary ';' to silence this warning [-Wextra-semi-stmt]
        configASSERT( pxQueue );
                               ^
C:/Users/LENOVO/AppData/Local/Arm/Packs/ARM/CMSIS-FreeRTOS/10.3.1/Source/queue.c(1792): warning: empty expression statement has no effect; remove unnecessary ';' to silence this warning [-Wextra-semi-stmt]
        configASSERT( !( ( pvBuffer == NULL ) && ( pxQueue->uxItemSize != ( UBaseType_t ) 0U ) ) );
                                                                                                  ^
C:/Users/LENOVO/AppData/Local/Arm/Packs/ARM/CMSIS-FreeRTOS/10.3.1/Source/queue.c(1883): warning: empty expression statement has no effect; remove unnecessary ';' to silence this warning [-Wextra-semi-stmt]
        configASSERT( pxQueue );
                               ^
C:/Users/LENOVO/AppData/Local/Arm/Packs/ARM/CMSIS-FreeRTOS/10.3.1/Source/queue.c(1884): warning: empty expression statement has no effect; remove unnecessary ';' to silence this warning [-Wextra-semi-stmt]
        configASSERT( !( ( pvBuffer == NULL ) && ( pxQueue->uxItemSize != ( UBaseType_t ) 0U ) ) );
                                                                                                  ^
C:/Users/LENOVO/AppData/Local/Arm/Packs/ARM/CMSIS-FreeRTOS/10.3.1/Source/queue.c(1885): warning: empty expression statement has no effect; remove unnecessary ';' to silence this warning [-Wextra-semi-stmt]
        configASSERT( pxQueue->uxItemSize != 0 ); /* Can't peek a semaphore. */
                                                ^
C:/Users/LENOVO/AppData/Local/Arm/Packs/ARM/CMSIS-FreeRTOS/10.3.1/Source/queue.c(1934): warning: empty expression statement has no effect; remove unnecessary ';' to silence this warning [-Wextra-semi-stmt]
        configASSERT( xQueue );
                              ^
C:/Users/LENOVO/AppData/Local/Arm/Packs/ARM/CMSIS-FreeRTOS/10.3.1/Source/queue.c(1951): warning: empty expression statement has no effect; remove unnecessary ';' to silence this warning [-Wextra-semi-stmt]
        configASSERT( pxQueue );
                               ^
C:/Users/LENOVO/AppData/Local/Arm/Packs/ARM/CMSIS-FreeRTOS/10.3.1/Source/queue.c(1968): warning: empty expression statement has no effect; remove unnecessary ';' to silence this warning [-Wextra-semi-stmt]
        configASSERT( pxQueue );
                               ^
C:/Users/LENOVO/AppData/Local/Arm/Packs/ARM/CMSIS-FreeRTOS/10.3.1/Source/queue.c(1979): warning: empty expression statement has no effect; remove unnecessary ';' to silence this warning [-Wextra-semi-stmt]
        configASSERT( pxQueue );
                               ^
C:/Users/LENOVO/AppData/Local/Arm/Packs/ARM/CMSIS-FreeRTOS/10.3.1/Source/queue.c(2317): warning: empty expression statement has no effect; remove unnecessary ';' to silence this warning [-Wextra-semi-stmt]
        configASSERT( pxQueue );
                               ^
C:/Users/LENOVO/AppData/Local/Arm/Packs/ARM/CMSIS-FreeRTOS/10.3.1/Source/queue.c(2357): warning: empty expression statement has no effect; remove unnecessary ';' to silence this warning [-Wextra-semi-stmt]
        configASSERT( pxQueue );
                               ^
C:/Users/LENOVO/AppData/Local/Arm/Packs/ARM/CMSIS-FreeRTOS/10.3.1/Source/queue.c(2889): warning: empty expression statement has no effect; remove unnecessary ';' to silence this warning [-Wextra-semi-stmt]
                configASSERT( pxQueueSetContainer );
                                                   ^
C:/Users/LENOVO/AppData/Local/Arm/Packs/ARM/CMSIS-FreeRTOS/10.3.1/Source/queue.c(2890): warning: empty expression statement has no effect; remove unnecessary ';' to silence this warning [-Wextra-semi-stmt]
                configASSERT( pxQueueSetContainer->uxMessagesWaiting < pxQueueSetContainer->uxLength );
                                                                                                      ^
53 warnings generated.
compiling queue.c...
C:/Users/LENOVO/AppData/Local/Arm/Packs/ARM/CMSIS-FreeRTOS/10.3.1/Source/timers.c(275): warning: empty expression statement has no effect; remove unnecessary ';' to silence this warning [-Wextra-semi-stmt]
        configASSERT( xReturn );
                               ^
C:/Users/LENOVO/AppData/Local/Arm/Packs/ARM/CMSIS-FreeRTOS/10.3.1/Source/timers.c(73): warning: padding size of 'struct tmrTimerControl' with 3 bytes to alignment boundary [-Wpadded]
typedef struct tmrTimerControl /* The old naming convention is used to prevent breaking kernel aware debuggers. */
               ^
C:/Users/LENOVO/AppData/Local/Arm/Packs/ARM/CMSIS-FreeRTOS/10.3.1/Source/timers.c(357): warning: empty expression statement has no effect; remove unnecessary ';' to silence this warning [-Wextra-semi-stmt]
        configASSERT( ( xTimerPeriodInTicks > 0 ) );
                                                   ^
C:/Users/LENOVO/AppData/Local/Arm/Packs/ARM/CMSIS-FreeRTOS/10.3.1/Source/timers.c(386): warning: empty expression statement has no effect; remove unnecessary ';' to silence this warning [-Wextra-semi-stmt]
        configASSERT( xTimer );
                              ^
C:/Users/LENOVO/AppData/Local/Arm/Packs/ARM/CMSIS-FreeRTOS/10.3.1/Source/timers.c(428): warning: empty expression statement has no effect; remove unnecessary ';' to silence this warning [-Wextra-semi-stmt]
        configASSERT( ( xTimerTaskHandle != NULL ) );
                                                    ^
C:/Users/LENOVO/AppData/Local/Arm/Packs/ARM/CMSIS-FreeRTOS/10.3.1/Source/timers.c(437): warning: empty expression statement has no effect; remove unnecessary ';' to silence this warning [-Wextra-semi-stmt]
        configASSERT( xTimer );
                              ^
C:/Users/LENOVO/AppData/Local/Arm/Packs/ARM/CMSIS-FreeRTOS/10.3.1/Source/timers.c(446): warning: empty expression statement has no effect; remove unnecessary ';' to silence this warning [-Wextra-semi-stmt]
        configASSERT( xTimer );
                              ^
C:/Users/LENOVO/AppData/Local/Arm/Packs/ARM/CMSIS-FreeRTOS/10.3.1/Source/timers.c(467): warning: empty expression statement has no effect; remove unnecessary ';' to silence this warning [-Wextra-semi-stmt]
        configASSERT( xTimer );
                              ^
C:/Users/LENOVO/AppData/Local/Arm/Packs/ARM/CMSIS-FreeRTOS/10.3.1/Source/timers.c(492): warning: empty expression statement has no effect; remove unnecessary ';' to silence this warning [-Wextra-semi-stmt]
        configASSERT( xTimer );
                              ^
C:/Users/LENOVO/AppData/Local/Arm/Packs/ARM/CMSIS-FreeRTOS/10.3.1/Source/timers.c(502): warning: empty expression statement has no effect; remove unnecessary ';' to silence this warning [-Wextra-semi-stmt]
        configASSERT( xTimer );
                              ^
C:/Users/LENOVO/AppData/Local/Arm/Packs/ARM/CMSIS-FreeRTOS/10.3.1/Source/timers.c(529): warning: empty expression statement has no effect; remove unnecessary ';' to silence this warning [-Wextra-semi-stmt]
                        configASSERT( xResult );
                                               ^
C:/Users/LENOVO/AppData/Local/Arm/Packs/ARM/CMSIS-FreeRTOS/10.3.1/Source/timers.c(549): warning: function 'prvTimerTask' could be declared with attribute 'noreturn' [-Wmissing-noreturn]
{
^
C:/Users/LENOVO/AppData/Local/Arm/Packs/ARM/CMSIS-FreeRTOS/10.3.1/Source/timers.c(628): warning: empty expression statement has no effect; remove unnecessary ';' to silence this warning [-Wextra-semi-stmt]
                                        portYIELD_WITHIN_API();
                                                              ^
C:/Users/LENOVO/AppData/Local/Arm/Packs/ARM/CMSIS-FreeRTOS/10.3.1/Source/timers.c(753): warning: empty expression statement has no effect; remove unnecessary ';' to silence this warning [-Wextra-semi-stmt]
                                configASSERT( pxCallback );
                                                          ^
C:/Users/LENOVO/AppData/Local/Arm/Packs/ARM/CMSIS-FreeRTOS/10.3.1/Source/timers.c(812): warning: empty expression statement has no effect; remove unnecessary ';' to silence this warning [-Wextra-semi-stmt]
                                                        configASSERT( xResult );
                                                                               ^
C:/Users/LENOVO/AppData/Local/Arm/Packs/ARM/CMSIS-FreeRTOS/10.3.1/Source/timers.c(836): warning: empty expression statement has no effect; remove unnecessary ';' to silence this warning [-Wextra-semi-stmt]
                                        configASSERT( ( pxTimer->xTimerPeriodInTicks > 0 ) );
                                                                                            ^
C:/Users/LENOVO/AppData/Local/Arm/Packs/ARM/CMSIS-FreeRTOS/10.3.1/Source/timers.c(925): warning: empty expression statement has no effect; remove unnecessary ';' to silence this warning [-Wextra-semi-stmt]
                                configASSERT( xResult );
                                                       ^
C:/Users/LENOVO/AppData/Local/Arm/Packs/ARM/CMSIS-FreeRTOS/10.3.1/Source/timers.c(997): warning: empty expression statement has no effect; remove unnecessary ';' to silence this warning [-Wextra-semi-stmt]
        configASSERT( xTimer );
                              ^
C:/Users/LENOVO/AppData/Local/Arm/Packs/ARM/CMSIS-FreeRTOS/10.3.1/Source/timers.c(1022): warning: empty expression statement has no effect; remove unnecessary ';' to silence this warning [-Wextra-semi-stmt]
        configASSERT( xTimer );
                              ^
C:/Users/LENOVO/AppData/Local/Arm/Packs/ARM/CMSIS-FreeRTOS/10.3.1/Source/timers.c(1038): warning: empty expression statement has no effect; remove unnecessary ';' to silence this warning [-Wextra-semi-stmt]
        configASSERT( xTimer );
                              ^
C:/Users/LENOVO/AppData/Local/Arm/Packs/ARM/CMSIS-FreeRTOS/10.3.1/Source/timers.c(1082): warning: empty expression statement has no effect; remove unnecessary ';' to silence this warning [-Wextra-semi-stmt]
                configASSERT( xTimerQueue );
                                           ^
21 warnings generated.
compiling timers.c...
C:/Users/LENOVO/AppData/Local/Arm/Packs/ARM/CMSIS-FreeRTOS/10.3.1/Source/tasks.c(337): warning: no previous extern declaration for non-static variable 'pxCurrentTCB' [-Wmissing-variable-declarations]
PRIVILEGED_DATA TCB_t * volatile pxCurrentTCB = NULL;
                                 ^
C:/Users/LENOVO/AppData/Local/Arm/Packs/ARM/CMSIS-FreeRTOS/10.3.1/Source/tasks.c(337): note: declare 'static' if the variable is not intended to be used outside of this translation unit
PRIVILEGED_DATA TCB_t * volatile pxCurrentTCB = NULL;
                ^
C:/Users/LENOVO/AppData/Local/Arm/Packs/ARM/CMSIS-FreeRTOS/10.3.1/Source/tasks.c(275): warning: padding struct 'struct tskTaskControlBlock' with 2 bytes to align 'uxTCBNumber' [-Wpadded]
                UBaseType_t             uxTCBNumber;            /*< Stores a number that increments each time a TCB is created.  It allows debuggers to determine when a task has been deleted and then recreated. */
                                        ^
C:/Users/LENOVO/AppData/Local/Arm/Packs/ARM/CMSIS-FreeRTOS/10.3.1/Source/tasks.c(252): warning: padding size of 'struct tskTaskControlBlock' with 2 bytes to alignment boundary [-Wpadded]
typedef struct tskTaskControlBlock                      /* The old naming convention is used to prevent breaking kernel aware debuggers. */
               ^
C:/Users/LENOVO/AppData/Local/Arm/Packs/ARM/CMSIS-FreeRTOS/10.3.1/Source/tasks.c(868): warning: empty expression statement has no effect; remove unnecessary ';' to silence this warning [-Wextra-semi-stmt]
                configASSERT( ( ( ( portPOINTER_SIZE_TYPE ) pxTopOfStack & ( portPOINTER_SIZE_TYPE ) portBYTE_ALIGNMENT_MASK ) == 0UL ) );
                                                                                                                                         ^
C:/Users/LENOVO/AppData/Local/Arm/Packs/ARM/CMSIS-FreeRTOS/10.3.1/Source/tasks.c(1134): warning: empty expression statement has no effect; remove unnecessary ';' to silence this warning [-Wextra-semi-stmt]
                prvAddTaskToReadyList( pxNewTCB );
                                                 ^
C:/Users/LENOVO/AppData/Local/Arm/Packs/ARM/CMSIS-FreeRTOS/10.3.1/Source/tasks.c(1146): warning: empty expression statement has no effect; remove unnecessary ';' to silence this warning [-Wextra-semi-stmt]
                        taskYIELD_IF_USING_PREEMPTION();
                                                       ^
C:/Users/LENOVO/AppData/Local/Arm/Packs/ARM/CMSIS-FreeRTOS/10.3.1/Source/tasks.c(1175): warning: empty expression statement has no effect; remove unnecessary ';' to silence this warning [-Wextra-semi-stmt]
                                taskRESET_READY_PRIORITY( pxTCB->uxPriority );
                                                                             ^
C:/Users/LENOVO/AppData/Local/Arm/Packs/ARM/CMSIS-FreeRTOS/10.3.1/Source/tasks.c(1242): warning: empty expression statement has no effect; remove unnecessary ';' to silence this warning [-Wextra-semi-stmt]
                                configASSERT( uxSchedulerSuspended == 0 );
                                                                         ^
C:/Users/LENOVO/AppData/Local/Arm/Packs/ARM/CMSIS-FreeRTOS/10.3.1/Source/tasks.c(1243): warning: empty expression statement has no effect; remove unnecessary ';' to silence this warning [-Wextra-semi-stmt]
                                portYIELD_WITHIN_API();
                                                      ^
C:/Users/LENOVO/AppData/Local/Arm/Packs/ARM/CMSIS-FreeRTOS/10.3.1/Source/tasks.c(1262): warning: empty expression statement has no effect; remove unnecessary ';' to silence this warning [-Wextra-semi-stmt]
                configASSERT( pxPreviousWakeTime );
                                                  ^
C:/Users/LENOVO/AppData/Local/Arm/Packs/ARM/CMSIS-FreeRTOS/10.3.1/Source/tasks.c(1263): warning: empty expression statement has no effect; remove unnecessary ';' to silence this warning [-Wextra-semi-stmt]
                configASSERT( ( xTimeIncrement > 0U ) );
                                                       ^
C:/Users/LENOVO/AppData/Local/Arm/Packs/ARM/CMSIS-FreeRTOS/10.3.1/Source/tasks.c(1264): warning: empty expression statement has no effect; remove unnecessary ';' to silence this warning [-Wextra-semi-stmt]
                configASSERT( uxSchedulerSuspended == 0 );
                                                         ^
C:/Users/LENOVO/AppData/Local/Arm/Packs/ARM/CMSIS-FreeRTOS/10.3.1/Source/tasks.c(1328): warning: empty expression statement has no effect; remove unnecessary ';' to silence this warning [-Wextra-semi-stmt]
                        portYIELD_WITHIN_API();
                                              ^
C:/Users/LENOVO/AppData/Local/Arm/Packs/ARM/CMSIS-FreeRTOS/10.3.1/Source/tasks.c(1348): warning: empty expression statement has no effect; remove unnecessary ';' to silence this warning [-Wextra-semi-stmt]
                        configASSERT( uxSchedulerSuspended == 0 );
                                                                 ^
C:/Users/LENOVO/AppData/Local/Arm/Packs/ARM/CMSIS-FreeRTOS/10.3.1/Source/tasks.c(1373): warning: empty expression statement has no effect; remove unnecessary ';' to silence this warning [-Wextra-semi-stmt]
                        portYIELD_WITHIN_API();
                                              ^
C:/Users/LENOVO/AppData/Local/Arm/Packs/ARM/CMSIS-FreeRTOS/10.3.1/Source/tasks.c(1392): warning: empty expression statement has no effect; remove unnecessary ';' to silence this warning [-Wextra-semi-stmt]
                configASSERT( pxTCB );
                                     ^
C:/Users/LENOVO/AppData/Local/Arm/Packs/ARM/CMSIS-FreeRTOS/10.3.1/Source/tasks.c(1546): warning: empty expression statement has no effect; remove unnecessary ';' to silence this warning [-Wextra-semi-stmt]
                configASSERT( ( uxNewPriority < configMAX_PRIORITIES ) );
                                                                        ^
C:/Users/LENOVO/AppData/Local/Arm/Packs/ARM/CMSIS-FreeRTOS/10.3.1/Source/tasks.c(1675): warning: empty expression statement has no effect; remove unnecessary ';' to silence this warning [-Wextra-semi-stmt]
                                        prvAddTaskToReadyList( pxTCB );
                                                                      ^
C:/Users/LENOVO/AppData/Local/Arm/Packs/ARM/CMSIS-FreeRTOS/10.3.1/Source/tasks.c(1684): warning: empty expression statement has no effect; remove unnecessary ';' to silence this warning [-Wextra-semi-stmt]
                                        taskYIELD_IF_USING_PREEMPTION();
                                                                       ^
C:/Users/LENOVO/AppData/Local/Arm/Packs/ARM/CMSIS-FreeRTOS/10.3.1/Source/tasks.c(1720): warning: empty expression statement has no effect; remove unnecessary ';' to silence this warning [-Wextra-semi-stmt]
                                taskRESET_READY_PRIORITY( pxTCB->uxPriority );
                                                                             ^
C:/Users/LENOVO/AppData/Local/Arm/Packs/ARM/CMSIS-FreeRTOS/10.3.1/Source/tasks.c(1772): warning: empty expression statement has no effect; remove unnecessary ';' to silence this warning [-Wextra-semi-stmt]
                                configASSERT( uxSchedulerSuspended == 0 );
                                                                         ^
C:/Users/LENOVO/AppData/Local/Arm/Packs/ARM/CMSIS-FreeRTOS/10.3.1/Source/tasks.c(1773): warning: empty expression statement has no effect; remove unnecessary ';' to silence this warning [-Wextra-semi-stmt]
                                portYIELD_WITHIN_API();
                                                      ^
C:/Users/LENOVO/AppData/Local/Arm/Packs/ARM/CMSIS-FreeRTOS/10.3.1/Source/tasks.c(1814): warning: empty expression statement has no effect; remove unnecessary ';' to silence this warning [-Wextra-semi-stmt]
                configASSERT( xTask );
                                     ^
C:/Users/LENOVO/AppData/Local/Arm/Packs/ARM/CMSIS-FreeRTOS/10.3.1/Source/tasks.c(1856): warning: empty expression statement has no effect; remove unnecessary ';' to silence this warning [-Wextra-semi-stmt]
                configASSERT( xTaskToResume );
                                             ^
C:/Users/LENOVO/AppData/Local/Arm/Packs/ARM/CMSIS-FreeRTOS/10.3.1/Source/tasks.c(1871): warning: empty expression statement has no effect; remove unnecessary ';' to silence this warning [-Wextra-semi-stmt]
                                        prvAddTaskToReadyList( pxTCB );
                                                                      ^
C:/Users/LENOVO/AppData/Local/Arm/Packs/ARM/CMSIS-FreeRTOS/10.3.1/Source/tasks.c(1879): warning: empty expression statement has no effect; remove unnecessary ';' to silence this warning [-Wextra-semi-stmt]
                                                taskYIELD_IF_USING_PREEMPTION();
                                                                               ^
C:/Users/LENOVO/AppData/Local/Arm/Packs/ARM/CMSIS-FreeRTOS/10.3.1/Source/tasks.c(1911): warning: empty expression statement has no effect; remove unnecessary ';' to silence this warning [-Wextra-semi-stmt]
                configASSERT( xTaskToResume );
                                             ^
C:/Users/LENOVO/AppData/Local/Arm/Packs/ARM/CMSIS-FreeRTOS/10.3.1/Source/tasks.c(1952): warning: empty expression statement has no effect; remove unnecessary ';' to silence this warning [-Wextra-semi-stmt]
                                        prvAddTaskToReadyList( pxTCB );
                                                                      ^
C:/Users/LENOVO/AppData/Local/Arm/Packs/ARM/CMSIS-FreeRTOS/10.3.1/Source/tasks.c(2090): warning: empty expression statement has no effect; remove unnecessary ';' to silence this warning [-Wextra-semi-stmt]
                configASSERT( xReturn != errCOULD_NOT_ALLOCATE_REQUIRED_MEMORY );
                                                                                ^
C:/Users/LENOVO/AppData/Local/Arm/Packs/ARM/CMSIS-FreeRTOS/10.3.1/Source/tasks.c(2201): warning: empty expression statement has no effect; remove unnecessary ';' to silence this warning [-Wextra-semi-stmt]
        configASSERT( uxSchedulerSuspended );
                                            ^
C:/Users/LENOVO/AppData/Local/Arm/Packs/ARM/CMSIS-FreeRTOS/10.3.1/Source/tasks.c(2223): warning: empty expression statement has no effect; remove unnecessary ';' to silence this warning [-Wextra-semi-stmt]
                                        prvAddTaskToReadyList( pxTCB );
                                                                      ^
C:/Users/LENOVO/AppData/Local/Arm/Packs/ARM/CMSIS-FreeRTOS/10.3.1/Source/tasks.c(2285): warning: empty expression statement has no effect; remove unnecessary ';' to silence this warning [-Wextra-semi-stmt]
                                        taskYIELD_IF_USING_PREEMPTION();
                                                                       ^
C:/Users/LENOVO/AppData/Local/Arm/Packs/ARM/CMSIS-FreeRTOS/10.3.1/Source/tasks.c(2365): warning: empty expression statement has no effect; remove unnecessary ';' to silence this warning [-Wextra-semi-stmt]
        configASSERT( pxTCB );
                             ^
C:/Users/LENOVO/AppData/Local/Arm/Packs/ARM/CMSIS-FreeRTOS/10.3.1/Source/tasks.c(2383): warning: empty expression statement has no effect; remove unnecessary ';' to silence this warning [-Wextra-semi-stmt]
                        listGET_OWNER_OF_NEXT_ENTRY( pxFirstTCB, pxList );  /*lint !e9079 void * is used as this macro is used with timers and co-routines too.  Alignment is known to be fine as the type of the pointer stored and retrieved is the same. */
                                                                         ^~
C:/Users/LENOVO/AppData/Local/Arm/Packs/ARM/CMSIS-FreeRTOS/10.3.1/Source/tasks.c(2387): warning: empty expression statement has no effect; remove unnecessary ';' to silence this warning [-Wextra-semi-stmt]
                                listGET_OWNER_OF_NEXT_ENTRY( pxNextTCB, pxList ); /*lint !e9079 void * is used as this macro is used with timers and co-routines too.  Alignment is known to be fine as the type of the pointer stored and retrieved is the same. */
                                                                                ^
C:/Users/LENOVO/AppData/Local/Arm/Packs/ARM/CMSIS-FreeRTOS/10.3.1/Source/tasks.c(2446): warning: empty expression statement has no effect; remove unnecessary ';' to silence this warning [-Wextra-semi-stmt]
                configASSERT( strlen( pcNameToQuery ) < configMAX_TASK_NAME_LEN );
                                                                                 ^
C:/Users/LENOVO/AppData/Local/Arm/Packs/ARM/CMSIS-FreeRTOS/10.3.1/Source/tasks.c(39): warning: In file included from...
C:/Users/LENOVO/AppData/Local/Arm/Packs/ARM/CMSIS-FreeRTOS/10.3.1/Source/include/task.h(143): warning: padding struct 'struct xTASK_STATUS' with 3 bytes to align 'uxCurrentPriority' [-Wpadded]
        UBaseType_t uxCurrentPriority;  /* The priority at which the task was running (may be inherited) when the structure was populated. */
                    ^
C:/Users/LENOVO/AppData/Local/Arm/Packs/ARM/CMSIS-FreeRTOS/10.3.1/Source/include/task.h(137): warning: padding size of 'struct xTASK_STATUS' with 2 bytes to alignment boundary [-Wpadded]
typedef struct xTASK_STATUS
               ^
C:/Users/LENOVO/AppData/Local/Arm/Packs/ARM/CMSIS-FreeRTOS/10.3.1/Source/tasks.c(2583): warning: empty expression statement has no effect; remove unnecessary ';' to silence this warning [-Wextra-semi-stmt]
                configASSERT( ( xIdleTaskHandle != NULL ) );
                                                           ^
C:/Users/LENOVO/AppData/Local/Arm/Packs/ARM/CMSIS-FreeRTOS/10.3.1/Source/tasks.c(2601): warning: empty expression statement has no effect; remove unnecessary ';' to silence this warning [-Wextra-semi-stmt]
                configASSERT( ( xTickCount + xTicksToJump ) <= xNextTaskUnblockTime );
                                                                                     ^
C:/Users/LENOVO/AppData/Local/Arm/Packs/ARM/CMSIS-FreeRTOS/10.3.1/Source/tasks.c(2615): warning: empty expression statement has no effect; remove unnecessary ';' to silence this warning [-Wextra-semi-stmt]
        configASSERT( uxSchedulerSuspended == 0 );
                                                 ^
C:/Users/LENOVO/AppData/Local/Arm/Packs/ARM/CMSIS-FreeRTOS/10.3.1/Source/tasks.c(2634): warning: empty expression statement has no effect; remove unnecessary ';' to silence this warning [-Wextra-semi-stmt]
                configASSERT( pxTCB );
                                     ^
C:/Users/LENOVO/AppData/Local/Arm/Packs/ARM/CMSIS-FreeRTOS/10.3.1/Source/tasks.c(2672): warning: empty expression statement has no effect; remove unnecessary ';' to silence this warning [-Wextra-semi-stmt]
                                prvAddTaskToReadyList( pxTCB );
                                                              ^
C:/Users/LENOVO/AppData/Local/Arm/Packs/ARM/CMSIS-FreeRTOS/10.3.1/Source/tasks.c(2729): warning: empty expression statement has no effect; remove unnecessary ';' to silence this warning [-Wextra-semi-stmt]
                        taskSWITCH_DELAYED_LISTS();
                                                  ^
C:/Users/LENOVO/AppData/Local/Arm/Packs/ARM/CMSIS-FreeRTOS/10.3.1/Source/tasks.c(2794): warning: empty expression statement has no effect; remove unnecessary ';' to silence this warning [-Wextra-semi-stmt]
                                        prvAddTaskToReadyList( pxTCB );
                                                                      ^
C:/Users/LENOVO/AppData/Local/Arm/Packs/ARM/CMSIS-FreeRTOS/10.3.1/Source/tasks.c(3041): warning: empty expression statement has no effect; remove unnecessary ';' to silence this warning [-Wextra-semi-stmt]
                taskSELECT_HIGHEST_PRIORITY_TASK(); /*lint !e9079 void * is used as this macro is used with timers and co-routines too.  Alignment is known to be fine as the type of the pointer stored and retrieved is the same. */
                                                  ^
C:/Users/LENOVO/AppData/Local/Arm/Packs/ARM/CMSIS-FreeRTOS/10.3.1/Source/tasks.c(3066): warning: empty expression statement has no effect; remove unnecessary ';' to silence this warning [-Wextra-semi-stmt]
        configASSERT( pxEventList );
                                   ^
C:/Users/LENOVO/AppData/Local/Arm/Packs/ARM/CMSIS-FreeRTOS/10.3.1/Source/tasks.c(3083): warning: empty expression statement has no effect; remove unnecessary ';' to silence this warning [-Wextra-semi-stmt]
        configASSERT( pxEventList );
                                   ^
C:/Users/LENOVO/AppData/Local/Arm/Packs/ARM/CMSIS-FreeRTOS/10.3.1/Source/tasks.c(3087): warning: empty expression statement has no effect; remove unnecessary ';' to silence this warning [-Wextra-semi-stmt]
        configASSERT( uxSchedulerSuspended != 0 );
                                                 ^
C:/Users/LENOVO/AppData/Local/Arm/Packs/ARM/CMSIS-FreeRTOS/10.3.1/Source/tasks.c(3109): warning: empty expression statement has no effect; remove unnecessary ';' to silence this warning [-Wextra-semi-stmt]
                configASSERT( pxEventList );
                                           ^
C:/Users/LENOVO/AppData/Local/Arm/Packs/ARM/CMSIS-FreeRTOS/10.3.1/Source/tasks.c(3157): warning: empty expression statement has no effect; remove unnecessary ';' to silence this warning [-Wextra-semi-stmt]
        configASSERT( pxUnblockedTCB );
                                      ^
C:/Users/LENOVO/AppData/Local/Arm/Packs/ARM/CMSIS-FreeRTOS/10.3.1/Source/tasks.c(3163): warning: empty expression statement has no effect; remove unnecessary ';' to silence this warning [-Wextra-semi-stmt]
                prvAddTaskToReadyList( pxUnblockedTCB );
                                                       ^
C:/Users/LENOVO/AppData/Local/Arm/Packs/ARM/CMSIS-FreeRTOS/10.3.1/Source/tasks.c(3212): warning: empty expression statement has no effect; remove unnecessary ';' to silence this warning [-Wextra-semi-stmt]
        configASSERT( uxSchedulerSuspended != pdFALSE );
                                                       ^
C:/Users/LENOVO/AppData/Local/Arm/Packs/ARM/CMSIS-FreeRTOS/10.3.1/Source/tasks.c(3220): warning: empty expression statement has no effect; remove unnecessary ';' to silence this warning [-Wextra-semi-stmt]
        configASSERT( pxUnblockedTCB );
                                      ^
C:/Users/LENOVO/AppData/Local/Arm/Packs/ARM/CMSIS-FreeRTOS/10.3.1/Source/tasks.c(3241): warning: empty expression statement has no effect; remove unnecessary ';' to silence this warning [-Wextra-semi-stmt]
        prvAddTaskToReadyList( pxUnblockedTCB );
                                               ^
C:/Users/LENOVO/AppData/Local/Arm/Packs/ARM/CMSIS-FreeRTOS/10.3.1/Source/tasks.c(3256): warning: empty expression statement has no effect; remove unnecessary ';' to silence this warning [-Wextra-semi-stmt]
        configASSERT( pxTimeOut );
                                 ^
C:/Users/LENOVO/AppData/Local/Arm/Packs/ARM/CMSIS-FreeRTOS/10.3.1/Source/tasks.c(3278): warning: empty expression statement has no effect; remove unnecessary ';' to silence this warning [-Wextra-semi-stmt]
        configASSERT( pxTimeOut );
                                 ^
C:/Users/LENOVO/AppData/Local/Arm/Packs/ARM/CMSIS-FreeRTOS/10.3.1/Source/tasks.c(3279): warning: empty expression statement has no effect; remove unnecessary ';' to silence this warning [-Wextra-semi-stmt]
        configASSERT( pxTicksToWait );
                                     ^
C:/Users/LENOVO/AppData/Local/Arm/Packs/ARM/CMSIS-FreeRTOS/10.3.1/Source/tasks.c(3434): warning: empty expression statement has no effect; remove unnecessary ';' to silence this warning [-Wextra-semi-stmt]
                                taskYIELD();
                                           ^
C:/Users/LENOVO/AppData/Local/Arm/Packs/ARM/CMSIS-FreeRTOS/10.3.1/Source/tasks.c(3478): warning: empty expression statement has no effect; remove unnecessary ';' to silence this warning [-Wextra-semi-stmt]
                                        configASSERT( xNextTaskUnblockTime >= xTickCount );
                                                                                          ^
C:/Users/LENOVO/AppData/Local/Arm/Packs/ARM/CMSIS-FreeRTOS/10.3.1/Source/tasks.c(3393): warning: function 'prvIdleTask' could be declared with attribute 'noreturn' [-Wmissing-noreturn]
{
^
C:/Users/LENOVO/AppData/Local/Arm/Packs/ARM/CMSIS-FreeRTOS/10.3.1/Source/tasks.c(3773): warning: empty expression statement has no effect; remove unnecessary ';' to silence this warning [-Wextra-semi-stmt]
                        listGET_OWNER_OF_NEXT_ENTRY( pxFirstTCB, pxList ); /*lint !e9079 void * is used as this macro is used with timers and co-routines too.  Alignment is known to be fine as the type of the pointer stored and retrieved is the same. */
                                                                         ^
C:/Users/LENOVO/AppData/Local/Arm/Packs/ARM/CMSIS-FreeRTOS/10.3.1/Source/tasks.c(3781): warning: empty expression statement has no effect; remove unnecessary ';' to silence this warning [-Wextra-semi-stmt]
                                listGET_OWNER_OF_NEXT_ENTRY( pxNextTCB, pxList ); /*lint !e9079 void * is used as this macro is used with timers and co-routines too.  Alignment is known to be fine as the type of the pointer stored and retrieved is the same. */
                                                                                ^
C:/Users/LENOVO/AppData/Local/Arm/Packs/ARM/CMSIS-FreeRTOS/10.3.1/Source/tasks.c(4059): warning: empty expression statement has no effect; remove unnecessary ';' to silence this warning [-Wextra-semi-stmt]
                                        prvAddTaskToReadyList( pxMutexHolderTCB );
                                                                                 ^
C:/Users/LENOVO/AppData/Local/Arm/Packs/ARM/CMSIS-FreeRTOS/10.3.1/Source/tasks.c(4115): warning: empty expression statement has no effect; remove unnecessary ';' to silence this warning [-Wextra-semi-stmt]
                        configASSERT( pxTCB == pxCurrentTCB );
                                                             ^
C:/Users/LENOVO/AppData/Local/Arm/Packs/ARM/CMSIS-FreeRTOS/10.3.1/Source/tasks.c(4116): warning: empty expression statement has no effect; remove unnecessary ';' to silence this warning [-Wextra-semi-stmt]
                        configASSERT( pxTCB->uxMutexesHeld );
                                                            ^
C:/Users/LENOVO/AppData/Local/Arm/Packs/ARM/CMSIS-FreeRTOS/10.3.1/Source/tasks.c(4133): warning: empty expression statement has no effect; remove unnecessary ';' to silence this warning [-Wextra-semi-stmt]
                                                taskRESET_READY_PRIORITY( pxTCB->uxPriority );
                                                                                             ^
C:/Users/LENOVO/AppData/Local/Arm/Packs/ARM/CMSIS-FreeRTOS/10.3.1/Source/tasks.c(4149): warning: empty expression statement has no effect; remove unnecessary ';' to silence this warning [-Wextra-semi-stmt]
                                        prvAddTaskToReadyList( pxTCB );
                                                                      ^
C:/Users/LENOVO/AppData/Local/Arm/Packs/ARM/CMSIS-FreeRTOS/10.3.1/Source/tasks.c(4194): warning: empty expression statement has no effect; remove unnecessary ';' to silence this warning [-Wextra-semi-stmt]
                        configASSERT( pxTCB->uxMutexesHeld );
                                                            ^
C:/Users/LENOVO/AppData/Local/Arm/Packs/ARM/CMSIS-FreeRTOS/10.3.1/Source/tasks.c(4221): warning: empty expression statement has no effect; remove unnecessary ';' to silence this warning [-Wextra-semi-stmt]
                                        configASSERT( pxTCB != pxCurrentTCB );
                                                                             ^
C:/Users/LENOVO/AppData/Local/Arm/Packs/ARM/CMSIS-FreeRTOS/10.3.1/Source/tasks.c(4261): warning: empty expression statement has no effect; remove unnecessary ';' to silence this warning [-Wextra-semi-stmt]
                                                prvAddTaskToReadyList( pxTCB );
                                                                              ^
C:/Users/LENOVO/AppData/Local/Arm/Packs/ARM/CMSIS-FreeRTOS/10.3.1/Source/tasks.c(4656): warning: empty expression statement has no effect; remove unnecessary ';' to silence this warning [-Wextra-semi-stmt]
                                        portYIELD_WITHIN_API();
                                                              ^
C:/Users/LENOVO/AppData/Local/Arm/Packs/ARM/CMSIS-FreeRTOS/10.3.1/Source/tasks.c(4729): warning: empty expression statement has no effect; remove unnecessary ';' to silence this warning [-Wextra-semi-stmt]
                                        portYIELD_WITHIN_API();
                                                              ^
C:/Users/LENOVO/AppData/Local/Arm/Packs/ARM/CMSIS-FreeRTOS/10.3.1/Source/tasks.c(4789): warning: empty expression statement has no effect; remove unnecessary ';' to silence this warning [-Wextra-semi-stmt]
                configASSERT( xTaskToNotify );
                                             ^
C:/Users/LENOVO/AppData/Local/Arm/Packs/ARM/CMSIS-FreeRTOS/10.3.1/Source/tasks.c(4838): warning: empty expression statement has no effect; remove unnecessary ';' to silence this warning [-Wextra-semi-stmt]
                                        configASSERT( pxTCB->ulNotifiedValue == ~0UL );
                                                                                      ^
C:/Users/LENOVO/AppData/Local/Arm/Packs/ARM/CMSIS-FreeRTOS/10.3.1/Source/tasks.c(4834): warning: default label in switch which covers all enumeration values [-Wcovered-switch-default]
                                default:
                                ^
C:/Users/LENOVO/AppData/Local/Arm/Packs/ARM/CMSIS-FreeRTOS/10.3.1/Source/tasks.c(4850): warning: empty expression statement has no effect; remove unnecessary ';' to silence this warning [-Wextra-semi-stmt]
                                prvAddTaskToReadyList( pxTCB );
                                                              ^
C:/Users/LENOVO/AppData/Local/Arm/Packs/ARM/CMSIS-FreeRTOS/10.3.1/Source/tasks.c(4853): warning: empty expression statement has no effect; remove unnecessary ';' to silence this warning [-Wextra-semi-stmt]
                                configASSERT( listLIST_ITEM_CONTAINER( &( pxTCB->xEventListItem ) ) == NULL );
                                                                                                             ^
C:/Users/LENOVO/AppData/Local/Arm/Packs/ARM/CMSIS-FreeRTOS/10.3.1/Source/tasks.c(4875): warning: empty expression statement has no effect; remove unnecessary ';' to silence this warning [-Wextra-semi-stmt]
                                        taskYIELD_IF_USING_PREEMPTION();
                                                                       ^
C:/Users/LENOVO/AppData/Local/Arm/Packs/ARM/CMSIS-FreeRTOS/10.3.1/Source/tasks.c(4904): warning: empty expression statement has no effect; remove unnecessary ';' to silence this warning [-Wextra-semi-stmt]
                configASSERT( xTaskToNotify );
                                             ^
C:/Users/LENOVO/AppData/Local/Arm/Packs/ARM/CMSIS-FreeRTOS/10.3.1/Source/tasks.c(4971): warning: empty expression statement has no effect; remove unnecessary ';' to silence this warning [-Wextra-semi-stmt]
                                        configASSERT( pxTCB->ulNotifiedValue == ~0UL );
                                                                                      ^
C:/Users/LENOVO/AppData/Local/Arm/Packs/ARM/CMSIS-FreeRTOS/10.3.1/Source/tasks.c(4967): warning: default label in switch which covers all enumeration values [-Wcovered-switch-default]
                                default:
                                ^
C:/Users/LENOVO/AppData/Local/Arm/Packs/ARM/CMSIS-FreeRTOS/10.3.1/Source/tasks.c(4982): warning: empty expression statement has no effect; remove unnecessary ';' to silence this warning [-Wextra-semi-stmt]
                                configASSERT( listLIST_ITEM_CONTAINER( &( pxTCB->xEventListItem ) ) == NULL );
                                                                                                             ^
C:/Users/LENOVO/AppData/Local/Arm/Packs/ARM/CMSIS-FreeRTOS/10.3.1/Source/tasks.c(4987): warning: empty expression statement has no effect; remove unnecessary ';' to silence this warning [-Wextra-semi-stmt]
                                        prvAddTaskToReadyList( pxTCB );
                                                                      ^
C:/Users/LENOVO/AppData/Local/Arm/Packs/ARM/CMSIS-FreeRTOS/10.3.1/Source/tasks.c(5032): warning: empty expression statement has no effect; remove unnecessary ';' to silence this warning [-Wextra-semi-stmt]
                configASSERT( xTaskToNotify );
                                             ^
C:/Users/LENOVO/AppData/Local/Arm/Packs/ARM/CMSIS-FreeRTOS/10.3.1/Source/tasks.c(5070): warning: empty expression statement has no effect; remove unnecessary ';' to silence this warning [-Wextra-semi-stmt]
                                configASSERT( listLIST_ITEM_CONTAINER( &( pxTCB->xEventListItem ) ) == NULL );
                                                                                                             ^
C:/Users/LENOVO/AppData/Local/Arm/Packs/ARM/CMSIS-FreeRTOS/10.3.1/Source/tasks.c(5075): warning: empty expression statement has no effect; remove unnecessary ';' to silence this warning [-Wextra-semi-stmt]
                                        prvAddTaskToReadyList( pxTCB );
                                                                      ^
87 warnings generated.
compiling tasks.c...
linking...
Program Size: Code=16888 RO-data=2548 RW-data=1644 ZI-data=9168  
".\Objects\timecities.axf" - 0 Error(s), 255 Warning(s).

<h2>Software Packages used:</h2>

Package Vendor: ARM
                http://www.keil.com/pack/ARM.CMSIS.5.7.0.pack
                ARM.CMSIS.5.7.0
                CMSIS (Cortex Microcontroller Software Interface Standard)
   * Component: CORE Version: 5.4.0

Package Vendor: ARM
                http://www.keil.com/pack/ARM.CMSIS-FreeRTOS.10.3.1.pack
                ARM.CMSIS-FreeRTOS.10.3.1
                Bundle of FreeRTOS for Cortex-M and Cortex-A
   * Component: Config Variant: FreeRTOS Version: 10.3.1
   * Component: Core Variant: Cortex-M Version: 10.3.1
   * Component: Heap Variant: Heap_1 Version: 10.3.1
   * Component: Timers Version: 10.3.1

Package Vendor: Keil
                http://www.keil.com/pack/Keil.TM4C_DFP.1.1.0.pack
                Keil.TM4C_DFP.1.1.0
                Texas Instruments Tiva C Series Device Support and Examples
   * Component: Startup Version: 1.0.1

<h2>Collection of Component include folders:</h2>
  .\RTE\RTOS
  .\RTE\_Target_1
  C:\Users\LENOVO\AppData\Local\Arm\Packs\ARM\CMSIS-FreeRTOS\10.3.1\CMSIS\RTOS2\FreeRTOS\Include
  C:\Users\LENOVO\AppData\Local\Arm\Packs\ARM\CMSIS-FreeRTOS\10.3.1\Source\include
  C:\Users\LENOVO\AppData\Local\Arm\Packs\ARM\CMSIS-FreeRTOS\10.3.1\Source\portable\GCC\ARM_CM4F
  C:\Users\LENOVO\AppData\Local\Arm\Packs\ARM\CMSIS\5.7.0\CMSIS\Core\Include
  C:\Users\LENOVO\AppData\Local\Arm\Packs\Keil\TM4C_DFP\1.1.0\Device\Include\TM4C123

<h2>Collection of Component Files used:</h2>

   * Component: ARM.FreeRTOS::RTOS:Config:FreeRTOS:10.3.1
      Include file:  Config\ARMCM\FreeRTOSConfig.h

   * Component: ARM.FreeRTOS::RTOS:Core:Cortex-M:10.3.1
      Source file:   Source\tasks.c
      Include file:  Source\include\FreeRTOS.h
      Include file:  Source\include\queue.h
      Include file:  Source\include\task.h
      Source file:   Source\list.c
      Source file:   Source\queue.c
      Include file:  Source\include\semphr.h
      Source file:   Source\portable\GCC\ARM_CM4F\port.c
      Source file:   CMSIS\RTOS2\FreeRTOS\Source\freertos_evr.c

   * Component: ARM.FreeRTOS::RTOS:Heap:Heap_1:10.3.1
      Source file:   Source\portable\MemMang\heap_1.c

   * Component: ARM.FreeRTOS::RTOS:Timers:10.3.1
      Include file:  Source\include\timers.h
      Source file:   Source\timers.c

   * Component: ARM::CMSIS:CORE:5.4.0

   * Component: Keil::Device:Startup:1.0.1
      Source file:   Device\Source\system_TM4C123.c
      Include file:  Device\Include\TM4C123\TM4C123.h
      Source file:   Device\Source\ARM\startup_TM4C123.s
Build Time Elapsed:  00:00:03
</pre>
</body>
</html>
